[MFLOG|0|2026-05-13T03:52:12.876759Z|runtime|c6c22211-9c4c-4d25-9f49-482178f6a3c1]<flow CardCaptureFlow step refine> failed:
[MFLOG|0|2026-05-13T03:52:12.883660Z|runtime|f5899eda-505c-444b-89da-9c722d27a307]    Internal error
[MFLOG|0|2026-05-13T03:52:12.883781Z|runtime|b42fd616-5a28-4f30-94ed-1eff724344ba]Traceback (most recent call last):
[MFLOG|0|2026-05-13T03:52:12.883816Z|runtime|f8012b2b-a7c2-4ece-962b-308f75c086b1]  File "/Users/josh/code/card-capture/.venv/lib/python3.9/site-packages/metaflow/cli.py", line 742, in main
[MFLOG|0|2026-05-13T03:52:12.883844Z|runtime|40d9f43d-1c3e-41b9-83aa-a1a2f015126d]    start(auto_envvar_prefix="METAFLOW", obj=state)
[MFLOG|0|2026-05-13T03:52:12.883872Z|runtime|5810b848-d0a9-47cf-8c29-8d59c93f8a43]  File "/Users/josh/code/card-capture/.venv/lib/python3.9/site-packages/metaflow/_vendor/click/core.py", line 829, in __call__
[MFLOG|0|2026-05-13T03:52:12.883901Z|runtime|35063aae-cdc1-4fd7-b533-3465aca3a82d]    return self.main(args, kwargs)
[MFLOG|0|2026-05-13T03:52:13.067215Z|runtime|1449aeb4-5be0-4870-8ae6-f8ac2ed850c9]  File "/Users/josh/code/card-capture/.venv/lib/python3.9/site-packages/metaflow/_vendor/click/core.py", line 782, in main
[MFLOG|0|2026-05-13T03:52:13.067329Z|runtime|bd5cd4ba-22d8-4634-bcee-eb00fbc7ac56]    rv = self.invoke(ctx)
[MFLOG|0|2026-05-13T03:52:13.067353Z|runtime|6fcfb288-133e-4819-9cf0-9b54aa63d1f6]  File "/Users/josh/code/card-capture/.venv/lib/python3.9/site-packages/metaflow/cli_components/utils.py", line 69, in invoke
[MFLOG|0|2026-05-13T03:52:13.067378Z|runtime|37262140-a9a8-4136-a58b-c53a9fe5c34b]    return _process_result(sub_ctx.command.invoke(sub_ctx))
[MFLOG|0|2026-05-13T03:52:13.067398Z|runtime|f0bbbcdb-5153-4867-8f14-248fb1c2c5b1]  File "/Users/josh/code/card-capture/.venv/lib/python3.9/site-packages/metaflow/_vendor/click/core.py", line 1066, in invoke
[MFLOG|0|2026-05-13T03:52:13.067422Z|runtime|adf5b9e9-cb42-4670-8252-6f5972322ef3]    return ctx.invoke(self.callback, ctx.params)
[MFLOG|0|2026-05-13T03:52:13.067441Z|runtime|7bb9e840-7b4b-4556-8d2d-94dae2bfc6f1]  File "/Users/josh/code/card-capture/.venv/lib/python3.9/site-packages/metaflow/_vendor/click/core.py", line 610, in invoke
[MFLOG|0|2026-05-13T03:52:13.067460Z|runtime|645682a4-ec91-44a9-afa0-770fe49004f1]    return callback(args, kwargs)
[MFLOG|0|2026-05-13T03:52:13.067479Z|runtime|0084bc1f-a300-4673-bdf8-9f7bef016287]  File "/Users/josh/code/card-capture/.venv/lib/python3.9/site-packages/metaflow/tracing/__init__.py", line 27, in wrapper_func
[MFLOG|0|2026-05-13T03:52:13.067501Z|runtime|398c8c18-3e73-492e-a878-df1ae9ddbc81]    return func(args, kwargs)
[MFLOG|0|2026-05-13T03:52:13.067520Z|runtime|26595f3b-3a23-4366-a249-3dd448d9f6d2]  File "/Users/josh/code/card-capture/.venv/lib/python3.9/site-packages/metaflow/_vendor/click/decorators.py", line 21, in new_func
[MFLOG|0|2026-05-13T03:52:13.067543Z|runtime|cde0fff5-79e2-420e-ac10-926e491ae22b]    return f(get_current_context(), args, kwargs)
[MFLOG|0|2026-05-13T03:52:13.067562Z|runtime|2362989f-bfa4-433d-8326-dfc3e366ac58]  File "/Users/josh/code/card-capture/.venv/lib/python3.9/site-packages/metaflow/cli_components/step_cmd.py", line 171, in step
[MFLOG|0|2026-05-13T03:52:13.067580Z|runtime|26c05330-bd0b-4740-926d-821be2ff3bc9]    task.run_step(
[MFLOG|0|2026-05-13T03:52:13.067602Z|runtime|d2a42396-741c-4c71-b65d-17413cc8febb]  File "/Users/josh/code/card-capture/.venv/lib/python3.9/site-packages/metaflow/task.py", line 925, in run_step
[MFLOG|0|2026-05-13T03:52:13.067621Z|runtime|99a234fd-a72b-43de-8b56-cbf1f958638e]    self._exec_step_function(step_func, orig_step_func)
[MFLOG|0|2026-05-13T03:52:13.067639Z|runtime|c823186d-4e6c-467e-a41a-562b4949a0c8]  File "/Users/josh/code/card-capture/.venv/lib/python3.9/site-packages/metaflow/task.py", line 147, in _exec_step_function
[MFLOG|0|2026-05-13T03:52:13.067660Z|runtime|4fc4478d-71fe-4b5c-9603-0f0d875cfb43]    raise raised_exception
[MFLOG|0|2026-05-13T03:52:13.067678Z|runtime|c2cff4e6-5d3e-43e0-a89e-516142638816]  File "/Users/josh/code/card-capture/.venv/lib/python3.9/site-packages/metaflow/task.py", line 113, in _exec_step_function
[MFLOG|0|2026-05-13T03:52:13.067697Z|runtime|1298dc7c-4e6e-4831-9f4b-78d6a6df73fd]    step_function()
[MFLOG|0|2026-05-13T03:52:13.067715Z|runtime|caaa24a7-96ec-4a14-afa9-cc6bc72aac5e]  File "/Users/josh/code/card-capture/pipeline/card_capture_flow.py", line 46, in refine
[MFLOG|0|2026-05-13T03:52:13.067734Z|runtime|e8c698d2-4d91-46d1-8607-0ad9dfbdb97b]    self.refine_out = refine.run(self.run_context, self.track_out)
[MFLOG|0|2026-05-13T03:52:13.067752Z|runtime|821ceb9f-b17b-44b9-ba12-fa7f835c40e4]  File "/Users/josh/code/card-capture/pipeline/steps/refine.py", line 185, in run
[MFLOG|0|2026-05-13T03:52:13.067771Z|runtime|0a2687c8-9cbd-497c-b80e-40d506ff4d24]    float(c["confidence"]),
[MFLOG|0|2026-05-13T03:52:13.067789Z|runtime|202530c3-2aaa-412f-81a8-392c88bb6176]KeyError: 'confidence'
[MFLOG|0|2026-05-13T03:52:13.067808Z|runtime|63393bf8-0483-4b4b-9ed6-0271d7d5354e]
[MFLOG|0|2026-05-13T03:52:13.068137Z|runtime|5cbed161-5346-4a24-8a0c-27f31601e445]Task failed.