[MFLOG|0|2026-05-13T03:52:33.887606Z|runtime|2330d422-7707-4909-9589-23562eb85d55]<flow CardCaptureFlow step refine> failed:
[MFLOG|0|2026-05-13T03:52:33.892165Z|runtime|996deaf3-c68d-479c-8100-579bbb1bfd2a]    Internal error
[MFLOG|0|2026-05-13T03:52:33.893814Z|runtime|0017a724-1625-4dc7-b483-ba4015adb48d]Traceback (most recent call last):
[MFLOG|0|2026-05-13T03:52:33.893852Z|runtime|4d04d102-d6e4-4200-bf76-4f13f95e985f]  File "/Users/josh/code/card-capture/.venv/lib/python3.9/site-packages/metaflow/cli.py", line 742, in main
[MFLOG|0|2026-05-13T03:52:33.893883Z|runtime|55c12469-af90-49cf-a591-236fa1faeba8]    start(auto_envvar_prefix="METAFLOW", obj=state)
[MFLOG|0|2026-05-13T03:52:33.893910Z|runtime|beef89c1-de37-4cad-97b6-89d278de7829]  File "/Users/josh/code/card-capture/.venv/lib/python3.9/site-packages/metaflow/_vendor/click/core.py", line 829, in __call__
[MFLOG|0|2026-05-13T03:52:33.893942Z|runtime|08258d5a-45df-49d6-a568-f12ad9f9540c]    return self.main(args, kwargs)
[MFLOG|0|2026-05-13T03:52:34.074581Z|runtime|5051ce2d-c9d2-4906-8f1c-6ac538149e23]  File "/Users/josh/code/card-capture/.venv/lib/python3.9/site-packages/metaflow/_vendor/click/core.py", line 782, in main
[MFLOG|0|2026-05-13T03:52:34.074810Z|runtime|1400d190-c985-416c-bac8-a2e46d4238c5]    rv = self.invoke(ctx)
[MFLOG|0|2026-05-13T03:52:34.074840Z|runtime|7f5a77cd-5d48-4d40-a900-4fa7bb8da6bf]  File "/Users/josh/code/card-capture/.venv/lib/python3.9/site-packages/metaflow/cli_components/utils.py", line 69, in invoke
[MFLOG|0|2026-05-13T03:52:34.074865Z|runtime|d4abbdf1-62dc-4b1d-91f6-24af9f4d7ef5]    return _process_result(sub_ctx.command.invoke(sub_ctx))
[MFLOG|0|2026-05-13T03:52:34.074886Z|runtime|52ca38ab-8f5d-4eee-bbe0-b40e40980ca9]  File "/Users/josh/code/card-capture/.venv/lib/python3.9/site-packages/metaflow/_vendor/click/core.py", line 1066, in invoke
[MFLOG|0|2026-05-13T03:52:34.074910Z|runtime|17dfd30f-5aa3-4252-821b-574ed7774352]    return ctx.invoke(self.callback, ctx.params)
[MFLOG|0|2026-05-13T03:52:34.074934Z|runtime|81903e11-e49f-403b-8b1e-9886f3bd9d39]  File "/Users/josh/code/card-capture/.venv/lib/python3.9/site-packages/metaflow/_vendor/click/core.py", line 610, in invoke
[MFLOG|0|2026-05-13T03:52:34.074956Z|runtime|63b92b92-c250-4af9-acf5-07ade7d170ec]    return callback(args, kwargs)
[MFLOG|0|2026-05-13T03:52:34.074980Z|runtime|298ce46a-aecc-4178-96d7-3ef68b356c69]  File "/Users/josh/code/card-capture/.venv/lib/python3.9/site-packages/metaflow/tracing/__init__.py", line 27, in wrapper_func
[MFLOG|0|2026-05-13T03:52:34.075006Z|runtime|060b8dd2-195d-4b07-9ae4-daad5228e1dd]    return func(args, kwargs)
[MFLOG|0|2026-05-13T03:52:34.075030Z|runtime|339dfed3-b55c-4701-b674-989e7af8b9d1]  File "/Users/josh/code/card-capture/.venv/lib/python3.9/site-packages/metaflow/_vendor/click/decorators.py", line 21, in new_func
[MFLOG|0|2026-05-13T03:52:34.075063Z|runtime|15e8c009-daa9-4c01-bf5f-0b5f81c7925d]    return f(get_current_context(), args, kwargs)
[MFLOG|0|2026-05-13T03:52:34.075088Z|runtime|c3f4856e-6a02-47b7-b204-679ae1e0eb13]  File "/Users/josh/code/card-capture/.venv/lib/python3.9/site-packages/metaflow/cli_components/step_cmd.py", line 171, in step
[MFLOG|0|2026-05-13T03:52:34.075112Z|runtime|bdaf8e0c-76e4-45f2-b8e6-631ea06a879e]    task.run_step(
[MFLOG|0|2026-05-13T03:52:34.075139Z|runtime|62160ae2-1767-4deb-8c4c-1bf4cc5b13cb]  File "/Users/josh/code/card-capture/.venv/lib/python3.9/site-packages/metaflow/task.py", line 925, in run_step
[MFLOG|0|2026-05-13T03:52:34.075162Z|runtime|b302155f-be66-487b-9c23-76c2d16d9c10]    self._exec_step_function(step_func, orig_step_func)
[MFLOG|0|2026-05-13T03:52:34.075186Z|runtime|d97170d0-8c15-4e00-93e2-81cca34c8d6e]  File "/Users/josh/code/card-capture/.venv/lib/python3.9/site-packages/metaflow/task.py", line 147, in _exec_step_function
[MFLOG|0|2026-05-13T03:52:34.075213Z|runtime|9446a4ae-1709-4086-9ec7-a9dae9f2aeb8]    raise raised_exception
[MFLOG|0|2026-05-13T03:52:34.075237Z|runtime|6dbbddc7-805a-4c13-abbf-f24ac21492d2]  File "/Users/josh/code/card-capture/.venv/lib/python3.9/site-packages/metaflow/task.py", line 113, in _exec_step_function
[MFLOG|0|2026-05-13T03:52:34.075260Z|runtime|9dec3c69-b7d3-4399-a996-083c4015d2e3]    step_function()
[MFLOG|0|2026-05-13T03:52:34.075281Z|runtime|7fb3ab80-1545-4dac-8fde-fc4de4ff0c5c]  File "/Users/josh/code/card-capture/pipeline/card_capture_flow.py", line 46, in refine
[MFLOG|0|2026-05-13T03:52:34.075305Z|runtime|27431c1f-8843-4a55-a194-5429ef9c6396]    self.refine_out = refine.run(self.run_context, self.track_out)
[MFLOG|0|2026-05-13T03:52:34.075328Z|runtime|be70f936-0b54-4bcd-af4e-1e2beff0509a]  File "/Users/josh/code/card-capture/pipeline/steps/refine.py", line 225, in run
[MFLOG|0|2026-05-13T03:52:34.075351Z|runtime|7579cde0-1460-4c9c-abe8-d6aa42d95ccd]    sc = _to_scored(entry)
[MFLOG|0|2026-05-13T03:52:34.075376Z|runtime|5a4f92d7-c44a-403d-825f-d85f384c0160]  File "/Users/josh/code/card-capture/pipeline/steps/refine.py", line 214, in _to_scored
[MFLOG|0|2026-05-13T03:52:34.075401Z|runtime|2fd94090-e0ae-49d5-90bd-db6e8a925429]    sc.detection_id = c["detection_id"]
[MFLOG|0|2026-05-13T03:52:34.075423Z|runtime|64cde1db-cd9f-4d1a-9d90-6c9a36796221]  File "<string>", line 4, in __setattr__
[MFLOG|0|2026-05-13T03:52:34.075446Z|runtime|f994ee9d-10c6-42bd-ac9c-f8246536b1cf]dataclasses.FrozenInstanceError: cannot assign to field 'detection_id'
[MFLOG|0|2026-05-13T03:52:34.075469Z|runtime|ac4ee6e2-0d84-4c60-b9c6-65120ba0f6e4]
[MFLOG|0|2026-05-13T03:52:34.075880Z|runtime|31fafed2-820b-4c4c-b67c-d592808ab7cb]Task failed.